[    0.000000] Linux version 4.8.0-58-generic (buildd@lgw01-21) (gcc version 5.4.0 20160609 (Ubuntu 5.4.0-6ubuntu1~16.04.4) ) #63~16.04.1-Ubuntu SMP Mon Jun 26 18:08:51 UTC 2017 (Ubuntu 4.8.0-58.63~16.04.1-generic 4.8.17)
[    0.000000] Command line: BOOT_IMAGE=/boot/vmlinuz-4.8.0-58-generic root=UUID=48ed5d45-8622-4cf6-8dca-5c736a613fb4 ro quiet kgdboc=ttyS0,115200 nokaslr
[    0.000000] KERNEL supported cpus:
[    0.000000]   Intel GenuineIntel
[    0.000000]   AMD AuthenticAMD
[    0.000000]   Centaur CentaurHauls
[    0.000000] x86/fpu: Supporting XSAVE feature 0x001: 'x87 floating point registers'
[    0.000000] x86/fpu: Supporting XSAVE feature 0x002: 'SSE registers'
[    0.000000] x86/fpu: Supporting XSAVE feature 0x004: 'AVX registers'
[    0.000000] x86/fpu: xstate_offset[2]:  576, xstate_sizes[2]:  256
[    0.000000] x86/fpu: Enabled xstate features 0x7, context size is 832 bytes, using 'standard' format.
[    0.000000] x86/fpu: Using 'eager' FPU context switches.
[    0.000000] e820: BIOS-provided physical RAM map:
[    0.000000] BIOS-e820: [mem 0x0000000000000000-0x000000000009fbff] usable
[    0.000000] BIOS-e820: [mem 0x000000000009fc00-0x000000000009ffff] reserved
[    0.000000] BIOS-e820: [mem 0x00000000000f0000-0x00000000000fffff] reserved
[    0.000000] BIOS-e820: [mem 0x0000000000100000-0x00000000dffeffff] usable
[    0.000000] BIOS-e820: [mem 0x00000000dfff0000-0x00000000dfffffff] ACPI data
[    0.000000] BIOS-e820: [mem 0x00000000fec00000-0x00000000fec00fff] reserved
[    0.000000] BIOS-e820: [mem 0x00000000fee00000-0x00000000fee00fff] reserved
[    0.000000] BIOS-e820: [mem 0x00000000fffc0000-0x00000000ffffffff] reserved
[    0.000000] BIOS-e820: [mem 0x0000000100000000-0x000000021fffffff] usable
[    0.000000] NX (Execute Disable) protection: active
[    0.000000] SMBIOS 2.5 present.
[    0.000000] DMI: innotek GmbH VirtualBox/VirtualBox, BIOS VirtualBox 12/01/2006
[    0.000000] Hypervisor detected: KVM
[    0.000000] e820: update [mem 0x00000000-0x00000fff] usable ==> reserved
[    0.000000] e820: remove [mem 0x000a0000-0x000fffff] usable
[    0.000000] e820: last_pfn = 0x220000 max_arch_pfn = 0x400000000
[    0.000000] MTRR default type: uncachable
[    0.000000] MTRR variable ranges disabled:
[    0.000000] MTRR: Disabled
[    0.000000] x86/PAT: MTRRs disabled, skipping PAT initialization too.
[    0.000000] x86/PAT: Configuration [0-7]: WB  WT  UC- UC  WB  WT  UC- UC  
[    0.000000] CPU MTRRs all blank - virtualized system.
[    0.000000] e820: last_pfn = 0xdfff0 max_arch_pfn = 0x400000000
[    0.000000] found SMP MP-table at [mem 0x0009fff0-0x0009ffff] mapped at [ffff88000009fff0]
[    0.000000] Scanning 1 areas for low memory corruption
[    0.000000] Base memory trampoline at [ffff880000099000] 99000 size 24576
[    0.000000] BRK [0x0223c000, 0x0223cfff] PGTABLE
[    0.000000] BRK [0x0223d000, 0x0223dfff] PGTABLE
[    0.000000] BRK [0x0223e000, 0x0223efff] PGTABLE
[    0.000000] BRK [0x0223f000, 0x0223ffff] PGTABLE
[    0.000000] BRK [0x02240000, 0x02240fff] PGTABLE
[    0.000000] BRK [0x02241000, 0x02241fff] PGTABLE
[    0.000000] BRK [0x02242000, 0x02242fff] PGTABLE
[    0.000000] BRK [0x02243000, 0x02243fff] PGTABLE
[    0.000000] RAMDISK: [mem 0x35c6e000-0x36e2efff]
[    0.000000] ACPI: Early table checksum verification disabled
[    0.000000] ACPI: RSDP 0x00000000000E0000 000024 (v02 VBOX  )
[    0.000000] ACPI: XSDT 0x00000000DFFF0030 00003C (v01 VBOX   VBOXXSDT 00000001 ASL  00000061)
[    0.000000] ACPI: FACP 0x00000000DFFF00F0 0000F4 (v04 VBOX   VBOXFACP 00000001 ASL  00000061)
[    0.000000] ACPI: DSDT 0x00000000DFFF0490 0022EA (v02 VBOX   VBOXBIOS 00000002 INTL 20180105)
[    0.000000] ACPI: FACS 0x00000000DFFF0200 000040
[    0.000000] ACPI: FACS 0x00000000DFFF0200 000040
[    0.000000] ACPI: APIC 0x00000000DFFF0240 00007C (v02 VBOX   VBOXAPIC 00000001 ASL  00000061)
[    0.000000] ACPI: SSDT 0x00000000DFFF02C0 0001CC (v01 VBOX   VBOXCPUT 00000002 INTL 20180105)
[    0.000000] ACPI: Local APIC address 0xfee00000
[    0.000000] No NUMA configuration found
[    0.000000] Faking a node at [mem 0x0000000000000000-0x000000021fffffff]
[    0.000000] NODE_DATA(0) allocated [mem 0x21fff7000-0x21fffbfff]
[    0.000000] kvm-clock: Using msrs 4b564d01 and 4b564d00
[    0.000000] kvm-clock: cpu 0, msr 2:1ffef001, primary cpu clock
[    0.000000] kvm-clock: using sched offset of 5246171569 cycles
[    0.000000] clocksource: kvm-clock: mask: 0xffffffffffffffff max_cycles: 0x1cd42e4dffb, max_idle_ns: 881590591483 ns
[    0.000000] Zone ranges:
[    0.000000]   DMA      [mem 0x0000000000001000-0x0000000000ffffff]
[    0.000000]   DMA32    [mem 0x0000000001000000-0x00000000ffffffff]
[    0.000000]   Normal   [mem 0x0000000100000000-0x000000021fffffff]
[    0.000000]   Device   empty
[    0.000000] Movable zone start for each node
[    0.000000] Early memory node ranges
[    0.000000]   node   0: [mem 0x0000000000001000-0x000000000009efff]
[    0.000000]   node   0: [mem 0x0000000000100000-0x00000000dffeffff]
[    0.000000]   node   0: [mem 0x0000000100000000-0x000000021fffffff]
[    0.000000] Initmem setup node 0 [mem 0x0000000000001000-0x000000021fffffff]
[    0.000000] On node 0 totalpages: 2097038
[    0.000000]   DMA zone: 64 pages used for memmap
[    0.000000]   DMA zone: 21 pages reserved
[    0.000000]   DMA zone: 3998 pages, LIFO batch:0
[    0.000000]   DMA32 zone: 14272 pages used for memmap
[    0.000000]   DMA32 zone: 913392 pages, LIFO batch:31
[    0.000000]   Normal zone: 18432 pages used for memmap
[    0.000000]   Normal zone: 1179648 pages, LIFO batch:31
[    0.000000] ACPI: PM-Timer IO Port: 0x4008
[    0.000000] ACPI: Local APIC address 0xfee00000
[    0.000000] IOAPIC[0]: apic_id 6, version 32, address 0xfec00000, GSI 0-23
[    0.000000] ACPI: INT_SRC_OVR (bus 0 bus_irq 0 global_irq 2 dfl dfl)
[    0.000000] ACPI: INT_SRC_OVR (bus 0 bus_irq 9 global_irq 9 low level)
[    0.000000] ACPI: IRQ0 used by override.
[    0.000000] ACPI: IRQ9 used by override.
[    0.000000] Using ACPI (MADT) for SMP configuration information
[    0.000000] smpboot: Allowing 6 CPUs, 0 hotplug CPUs
[    0.000000] PM: Registered nosave memory: [mem 0x00000000-0x00000fff]
[    0.000000] PM: Registered nosave memory: [mem 0x0009f000-0x0009ffff]
[    0.000000] PM: Registered nosave memory: [mem 0x000a0000-0x000effff]
[    0.000000] PM: Registered nosave memory: [mem 0x000f0000-0x000fffff]
[    0.000000] PM: Registered nosave memory: [mem 0xdfff0000-0xdfffffff]
[    0.000000] PM: Registered nosave memory: [mem 0xe0000000-0xfebfffff]
[    0.000000] PM: Registered nosave memory: [mem 0xfec00000-0xfec00fff]
[    0.000000] PM: Registered nosave memory: [mem 0xfec01000-0xfedfffff]
[    0.000000] PM: Registered nosave memory: [mem 0xfee00000-0xfee00fff]
[    0.000000] PM: Registered nosave memory: [mem 0xfee01000-0xfffbffff]
[    0.000000] PM: Registered nosave memory: [mem 0xfffc0000-0xffffffff]
[    0.000000] e820: [mem 0xe0000000-0xfebfffff] available for PCI devices
[    0.000000] Booting paravirtualized kernel on KVM
[    0.000000] clocksource: refined-jiffies: mask: 0xffffffff max_cycles: 0xffffffff, max_idle_ns: 7645519600211568 ns
[    0.000000] setup_percpu: NR_CPUS:512 nr_cpumask_bits:512 nr_cpu_ids:6 nr_node_ids:1
[    0.000000] percpu: Embedded 36 pages/cpu @ffff88021fc00000 s107864 r8192 d31400 u262144
[    0.000000] pcpu-alloc: s107864 r8192 d31400 u262144 alloc=1*2097152
[    0.000000] pcpu-alloc: [0] 0 1 2 3 4 5 - - 
[    0.000000] PV qspinlock hash table entries: 256 (order: 0, 4096 bytes)
[    0.000000] Built 1 zonelists in Node order, mobility grouping on.  Total pages: 2064249
[    0.000000] Policy zone: Normal
[    0.000000] Kernel command line: BOOT_IMAGE=/boot/vmlinuz-4.8.0-58-generic root=UUID=48ed5d45-8622-4cf6-8dca-5c736a613fb4 ro quiet kgdboc=ttyS0,115200 nokaslr
[    0.000000] PID hash table entries: 4096 (order: 3, 32768 bytes)
[    0.000000] Calgary: detecting Calgary via BIOS EBDA area
[    0.000000] Calgary: Unable to locate Rio Grande table in EBDA - bailing!
[    0.000000] Memory: 8152860K/8388152K available (8829K kernel code, 1441K rwdata, 3836K rodata, 1552K init, 1296K bss, 235292K reserved, 0K cma-reserved)
[    0.000000] SLUB: HWalign=64, Order=0-3, MinObjects=0, CPUs=6, Nodes=1
[    0.000000] Hierarchical RCU implementation.
[    0.000000] 	Build-time adjustment of leaf fanout to 64.
[    0.000000] 	RCU restricting CPUs from NR_CPUS=512 to nr_cpu_ids=6.
[    0.000000] RCU: Adjusting geometry for rcu_fanout_leaf=64, nr_cpu_ids=6
[    0.000000] NR_IRQS:33024 nr_irqs:472 16
[    0.000000] Console: colour VGA+ 80x25
[    0.000000] console [tty0] enabled
[    0.000000] tsc: Detected 3599.998 MHz processor
[    0.089073] Calibrating delay loop (skipped) preset value.. 7199.99 BogoMIPS (lpj=14399992)
[    0.089075] pid_max: default: 32768 minimum: 301
[    0.089081] ACPI: Core revision 20160422
[    0.089801] ACPI: 2 ACPI AML tables successfully acquired and loaded

[    0.089819] Security Framework initialized
[    0.089819] Yama: becoming mindful.
[    0.089831] AppArmor: AppArmor initialized
[    0.090488] Dentry cache hash table entries: 1048576 (order: 11, 8388608 bytes)
[    0.092852] Inode-cache hash table entries: 524288 (order: 10, 4194304 bytes)
[    0.093582] Mount-cache hash table entries: 16384 (order: 5, 131072 bytes)
[    0.093586] Mountpoint-cache hash table entries: 16384 (order: 5, 131072 bytes)
[    0.093830] CPU: Physical Processor ID: 0
[    0.093831] CPU: Processor Core ID: 0
[    0.093844] mce: CPU supports 0 MCE banks
[    0.093866] Last level iTLB entries: 4KB 64, 2MB 8, 4MB 8
[    0.093866] Last level dTLB entries: 4KB 64, 2MB 0, 4MB 0, 1GB 4
[    0.095652] Freeing SMP alternatives memory: 32K (ffffffff820ee000 - ffffffff820f6000)
[    0.103191] ftrace: allocating 33460 entries in 131 pages
[    0.140459] smpboot: APIC(0) Converting physical 0 to logical package 0
[    0.140460] smpboot: Max logical packages: 1
[    0.140651] x2apic enabled
[    0.140819] Switched APIC routing to physical x2apic.
[    0.141675] ..TIMER: vector=0x30 apic1=0 pin1=2 apic2=-1 pin2=-1
[    0.233381] APIC calibration not consistent with PM-Timer: 94ms instead of 100ms
[    0.233381] APIC delta adjusted to PM-Timer: 6339825 (6012556)
[    0.233427] smpboot: CPU0: Intel(R) Xeon(R) W-2133 CPU @ 3.60GHz (family: 0x6, model: 0x55, stepping: 0x4)
[    0.233431] Performance Events: unsupported p6 CPU model 85 no PMU driver, software events only.
[    0.233445] KVM setup paravirtual spinlock
[    0.234406] x86: Booting SMP configuration:
[    0.234407] .... node  #0, CPUs:      #1
[    0.234821] kvm-clock: cpu 1, msr 2:1ffef041, secondary cpu clock
[    0.235058] mce: CPU supports 0 MCE banks
[    0.237254]  #2
[    0.237574] kvm-clock: cpu 2, msr 2:1ffef081, secondary cpu clock
[    0.237806] mce: CPU supports 0 MCE banks
[    0.239981]  #3
[    0.240348] kvm-clock: cpu 3, msr 2:1ffef0c1, secondary cpu clock
[    0.240589] mce: CPU supports 0 MCE banks
[    0.242765]  #4
[    0.243096] kvm-clock: cpu 4, msr 2:1ffef101, secondary cpu clock
[    0.243327] mce: CPU supports 0 MCE banks
[    0.245500]  #5
[    0.245800] kvm-clock: cpu 5, msr 2:1ffef141, secondary cpu clock
[    0.246031] mce: CPU supports 0 MCE banks
[    0.248210] x86: Booted up 1 node, 6 CPUs
[    0.248212] smpboot: Total of 6 processors activated (43199.97 BogoMIPS)
[    0.248859] devtmpfs: initialized
[    0.248903] x86/mm: Memory block size: 128MB
[    0.250847] evm: security.selinux
[    0.250847] evm: security.SMACK64
[    0.250848] evm: security.SMACK64EXEC
[    0.250848] evm: security.SMACK64TRANSMUTE
[    0.250848] evm: security.SMACK64MMAP
[    0.250849] evm: security.ima
[    0.250849] evm: security.capability
[    0.250985] clocksource: jiffies: mask: 0xffffffff max_cycles: 0xffffffff, max_idle_ns: 7645041785100000 ns
[    0.251013] pinctrl core: initialized pinctrl subsystem
[    0.251089] RTC time:  8:56:49, date: 09/10/19
[    0.251833] NET: Registered protocol family 16
[    0.267411] cpuidle: using governor ladder
[    0.284722] cpuidle: using governor menu
[    0.284725] PCCT header not found.
[    0.284792] ACPI: bus type PCI registered
[    0.284794] acpiphp: ACPI Hot Plug PCI Controller Driver version: 0.5
[    0.285001] PCI: Using configuration type 1 for base access
[    0.303883] HugeTLB registered 2 MB page size, pre-allocated 0 pages
[    0.304775] ACPI: Added _OSI(Module Device)
[    0.304777] ACPI: Added _OSI(Processor Device)
[    0.304778] ACPI: Added _OSI(3.0 _SCP Extensions)
[    0.304780] ACPI: Added _OSI(Processor Aggregator Device)
[    0.305322] ACPI: Executed 1 blocks of module-level executable AML code
[    0.310131] ACPI: Interpreter enabled
[    0.310147] ACPI: (supports S0 S5)
[    0.310149] ACPI: Using IOAPIC for interrupt routing
[    0.310453] PCI: Using host bridge windows from ACPI; if necessary, use "pci=nocrs" and report a bug
[    0.317300] ACPI: PCI Root Bridge [PCI0] (domain 0000 [bus 00-ff])
[    0.317305] acpi PNP0A03:00: _OSC: OS supports [ASPM ClockPM Segments MSI]
[    0.317733] acpi PNP0A03:00: _OSC: not requesting OS control; OS requires [ExtendedConfig ASPM ClockPM MSI]
[    0.317741] acpi PNP0A03:00: fail to add MMCONFIG information, can't access extended PCI configuration space under this bridge.
[    0.318108] PCI host bridge to bus 0000:00
[    0.318110] pci_bus 0000:00: root bus resource [io  0x0000-0x0cf7 window]
[    0.318112] pci_bus 0000:00: root bus resource [io  0x0d00-0xffff window]
[    0.318114] pci_bus 0000:00: root bus resource [mem 0x000a0000-0x000bffff window]
[    0.318116] pci_bus 0000:00: root bus resource [mem 0xe0000000-0xfdffffff window]
[    0.318117] pci_bus 0000:00: root bus resource [bus 00-ff]
[    0.318170] pci 0000:00:00.0: [8086:1237] type 00 class 0x060000
[    0.318893] pci 0000:00:01.0: [8086:7000] type 00 class 0x060100
[    0.319784] pci 0000:00:01.1: [8086:7111] type 00 class 0x01018a
[    0.320343] pci 0000:00:01.1: reg 0x20: [io  0xd000-0xd00f]
[    0.320571] pci 0000:00:01.1: legacy IDE quirk: reg 0x10: [io  0x01f0-0x01f7]
[    0.320572] pci 0000:00:01.1: legacy IDE quirk: reg 0x14: [io  0x03f6]
[    0.320574] pci 0000:00:01.1: legacy IDE quirk: reg 0x18: [io  0x0170-0x0177]
[    0.320575] pci 0000:00:01.1: legacy IDE quirk: reg 0x1c: [io  0x0376]
[    0.320859] pci 0000:00:02.0: [15ad:0405] type 00 class 0x030000
[    0.329543] pci 0000:00:02.0: reg 0x10: [io  0xd010-0xd01f]
[    0.338198] pci 0000:00:02.0: reg 0x14: [mem 0xf0000000-0xf7ffffff]
[    0.346892] pci 0000:00:02.0: reg 0x18: [mem 0xf8000000-0xf81fffff]
[    0.386112] pci 0000:00:03.0: [8086:100e] type 00 class 0x020000
[    0.391236] pci 0000:00:03.0: reg 0x10: [mem 0xf8200000-0xf821ffff]
[    0.401441] pci 0000:00:03.0: reg 0x18: [io  0xd020-0xd027]
[    0.421319] pci 0000:00:04.0: [80ee:cafe] type 00 class 0x088000
[    0.426474] pci 0000:00:04.0: reg 0x10: [io  0xd040-0xd05f]
[    0.431025] pci 0000:00:04.0: reg 0x14: [mem 0xf8400000-0xf87fffff]
[    0.435708] pci 0000:00:04.0: reg 0x18: [mem 0xf8800000-0xf8803fff pref]
[    0.453927] pci 0000:00:05.0: [8086:2415] type 00 class 0x040100
[    0.454145] pci 0000:00:05.0: reg 0x10: [io  0xd100-0xd1ff]
[    0.454295] pci 0000:00:05.0: reg 0x14: [io  0xd200-0xd23f]
[    0.455471] pci 0000:00:06.0: [106b:003f] type 00 class 0x0c0310
[    0.460616] pci 0000:00:06.0: reg 0x10: [mem 0xf8804000-0xf8804fff]
[    0.486948] pci 0000:00:07.0: [8086:7113] type 00 class 0x068000
[    0.487940] pci 0000:00:07.0: quirk: [io  0x4000-0x403f] claimed by PIIX4 ACPI
[    0.487961] pci 0000:00:07.0: quirk: [io  0x4100-0x410f] claimed by PIIX4 SMB
[    0.488625] pci 0000:00:0d.0: [8086:2829] type 00 class 0x010601
[    0.493745] pci 0000:00:0d.0: reg 0x10: [io  0xd240-0xd247]
[    0.498704] pci 0000:00:0d.0: reg 0x14: [io  0xd248-0xd24b]
[    0.503155] pci 0000:00:0d.0: reg 0x18: [io  0xd250-0xd257]
[    0.508248] pci 0000:00:0d.0: reg 0x1c: [io  0xd258-0xd25b]
[    0.514289] pci 0000:00:0d.0: reg 0x20: [io  0xd260-0xd26f]
[    0.519654] pci 0000:00:0d.0: reg 0x24: [mem 0xf8806000-0xf8807fff]
[    0.528226] ACPI: PCI Interrupt Link [LNKA] (IRQs 5 9 10 *11)
[    0.528687] ACPI: PCI Interrupt Link [LNKB] (IRQs 5 9 *10 11)
[    0.528864] ACPI: PCI Interrupt Link [LNKC] (IRQs 5 *9 10 11)
[    0.529025] ACPI: PCI Interrupt Link [LNKD] (IRQs 5 9 10 *11)
[    0.529275] ACPI: Enabled 2 GPEs in block 00 to 07
[    0.529994] SCSI subsystem initialized
[    0.530235] libata version 3.00 loaded.
[    0.530447] vgaarb: setting as boot device: PCI:0000:00:02.0
[    0.530450] vgaarb: device added: PCI:0000:00:02.0,decodes=io+mem,owns=io+mem,locks=none
[    0.530454] vgaarb: loaded
[    0.530456] vgaarb: bridge control possible 0000:00:02.0
[    0.530509] ACPI: bus type USB registered
[    0.530548] usbcore: registered new interface driver usbfs
[    0.530563] usbcore: registered new interface driver hub
[    0.530640] usbcore: registered new device driver usb
[    0.531069] PCI: Using ACPI for IRQ routing
[    0.531072] PCI: pci_cache_line_size set to 64 bytes
[    0.531438] e820: reserve RAM buffer [mem 0x0009fc00-0x0009ffff]
[    0.531447] e820: reserve RAM buffer [mem 0xdfff0000-0xdfffffff]
[    0.531654] NetLabel: Initializing
[    0.531656] NetLabel:  domain hash size = 128
[    0.531657] NetLabel:  protocols = UNLABELED CIPSOv4
[    0.531692] NetLabel:  unlabeled traffic allowed by default
[    0.532161] clocksource: Switched to clocksource kvm-clock
[    0.546491] VFS: Disk quotas dquot_6.6.0
[    0.546516] VFS: Dquot-cache hash table entries: 512 (order 0, 4096 bytes)
[    0.546652] AppArmor: AppArmor Filesystem Enabled
[    0.546718] pnp: PnP ACPI init
[    0.546818] pnp 00:00: Plug and Play ACPI device, IDs PNP0303 (active)
[    0.546912] pnp 00:01: Plug and Play ACPI device, IDs PNP0f03 (active)
[    0.547194] pnp 00:02: Plug and Play ACPI device, IDs PNP0501 (active)
[    0.547557] pnp: PnP ACPI: found 3 devices
[    0.558247] clocksource: acpi_pm: mask: 0xffffff max_cycles: 0xffffff, max_idle_ns: 2085701024 ns
[    0.558258] pci_bus 0000:00: resource 4 [io  0x0000-0x0cf7 window]
[    0.558259] pci_bus 0000:00: resource 5 [io  0x0d00-0xffff window]
[    0.558260] pci_bus 0000:00: resource 6 [mem 0x000a0000-0x000bffff window]
[    0.558261] pci_bus 0000:00: resource 7 [mem 0xe0000000-0xfdffffff window]
[    0.558290] NET: Registered protocol family 2
[    0.558499] TCP established hash table entries: 65536 (order: 7, 524288 bytes)
[    0.559203] TCP bind hash table entries: 65536 (order: 8, 1048576 bytes)
[    0.559278] TCP: Hash tables configured (established 65536 bind 65536)
[    0.559304] UDP hash table entries: 4096 (order: 5, 131072 bytes)
[    0.559322] UDP-Lite hash table entries: 4096 (order: 5, 131072 bytes)
[    0.559379] NET: Registered protocol family 1
[    0.559390] pci 0000:00:00.0: Limiting direct PCI/PCI transfers
[    0.559420] pci 0000:00:01.0: Activating ISA DMA hang workarounds
[    0.559461] pci 0000:00:02.0: Video device with shadowed ROM at [mem 0x000c0000-0x000dffff]
[    0.560500] PCI: CLS 0 bytes, default 64
[    0.560547] Unpacking initramfs...
[    0.736021] Freeing initrd memory: 18180K (ffff880035c6e000 - ffff880036e2f000)
[    0.736024] PCI-DMA: Using software bounce buffering for IO (SWIOTLB)
[    0.736026] software IO TLB [mem 0xdbff0000-0xdfff0000] (64MB) mapped at [ffff8800dbff0000-ffff8800dffeffff]
[    0.736134] platform rtc_cmos: registered platform RTC device (no PNP device found)
[    0.736149] Scanning for low memory corruption every 60 seconds
[    0.736596] futex hash table entries: 2048 (order: 5, 131072 bytes)
[    0.736618] audit: initializing netlink subsys (disabled)
[    0.736630] audit: type=2000 audit(1568105816.289:1): initialized
[    0.736816] Initialise system trusted keyrings
[    0.737009] workingset: timestamp_bits=40 max_order=21 bucket_order=0
[    0.738001] zbud: loaded
[    0.738282] squashfs: version 4.0 (2009/01/31) Phillip Lougher
[    0.738470] fuse init (API version 7.25)
[    0.738634] Allocating IMA blacklist keyring.
[    0.741891] Key type asymmetric registered
[    0.741892] Asymmetric key parser 'x509' registered
[    0.741925] Block layer SCSI generic (bsg) driver version 0.4 loaded (major 248)
[    0.742005] io scheduler noop registered
[    0.742005] io scheduler deadline registered (default)
[    0.742011] io scheduler cfq registered
[    0.742068] pci_hotplug: PCI Hot Plug PCI Core version: 0.5
[    0.742071] pciehp: PCI Express Hot Plug Controller Driver version: 0.4
[    0.742092] intel_idle: does not run on family 6 model 85
[    0.742159] ACPI: AC Adapter [AC] (on-line)
[    0.742194] input: Power Button as /devices/LNXSYSTM:00/LNXPWRBN:00/input/input0
[    0.742196] ACPI: Power Button [PWRF]
[    0.742240] input: Sleep Button as /devices/LNXSYSTM:00/LNXSLPBN:00/input/input1
[    0.742241] ACPI: Sleep Button [SLPF]
[    0.742428] GHES: HEST is not enabled!
[    0.742529] Serial: 8250/16550 driver, 32 ports, IRQ sharing enabled
[    0.762949] 00:02: ttyS0 at I/O 0x3f8 (irq = 4, base_baud = 115200) is a 16550A
[    0.765215] KGDB: Registered I/O driver kgdboc
[    0.792923] Linux agpgart interface v0.103
[    0.795779] loop: module loaded
[    0.795865] ata_piix 0000:00:01.1: version 2.13
[    0.796469] scsi host0: ata_piix
[    0.796682] scsi host1: ata_piix
[    0.796711] ata1: PATA max UDMA/33 cmd 0x1f0 ctl 0x3f6 bmdma 0xd000 irq 14
[    0.796712] ata2: PATA max UDMA/33 cmd 0x170 ctl 0x376 bmdma 0xd008 irq 15
[    0.796785] libphy: Fixed MDIO Bus: probed
[    0.796786] tun: Universal TUN/TAP device driver, 1.6
[    0.796786] tun: (C) 1999-2004 Max Krasnyansky <maxk@qualcomm.com>
[    0.796850] PPP generic driver version 2.4.2
[    0.796928] ehci_hcd: USB 2.0 'Enhanced' Host Controller (EHCI) Driver
[    0.796931] ehci-pci: EHCI PCI platform driver
[    0.796939] ehci-platform: EHCI generic platform driver
[    0.796944] ohci_hcd: USB 1.1 'Open' Host Controller (OHCI) Driver
[    0.796946] ohci-pci: OHCI PCI platform driver
[    0.797519] ohci-pci 0000:00:06.0: OHCI PCI host controller
[    0.797524] ohci-pci 0000:00:06.0: new USB bus registered, assigned bus number 1
[    0.797591] ohci-pci 0000:00:06.0: irq 22, io mem 0xf8804000
[    0.860569] usb usb1: New USB device found, idVendor=1d6b, idProduct=0001
[    0.860572] usb usb1: New USB device strings: Mfr=3, Product=2, SerialNumber=1
[    0.860575] usb usb1: Product: OHCI PCI host controller
[    0.860577] usb usb1: Manufacturer: Linux 4.8.0-58-generic ohci_hcd
[    0.860579] usb usb1: SerialNumber: 0000:00:06.0
[    0.860873] hub 1-0:1.0: USB hub found
[    0.860896] hub 1-0:1.0: 12 ports detected
[    0.861575] ohci-platform: OHCI generic platform driver
[    0.861591] uhci_hcd: USB Universal Host Controller Interface driver
[    0.861686] i8042: PNP: PS/2 Controller [PNP0303:PS2K,PNP0f03:PS2M] at 0x60,0x64 irq 1,12
[    0.862478] serio: i8042 KBD port at 0x60,0x64 irq 1
[    0.862484] serio: i8042 AUX port at 0x60,0x64 irq 12
[    0.862936] mousedev: PS/2 mouse device common for all mice
[    0.863543] input: AT Translated Set 2 keyboard as /devices/platform/i8042/serio0/input/input2
[    0.865440] rtc_cmos rtc_cmos: rtc core: registered rtc_cmos as rtc0
[    0.865558] rtc_cmos rtc_cmos: alarms up to one day, 114 bytes nvram
[    0.865572] i2c /dev entries driver
[    0.865677] device-mapper: uevent: version 1.0.3
[    0.865869] device-mapper: ioctl: 4.35.0-ioctl (2016-06-23) initialised: dm-devel@redhat.com
[    0.866438] ledtrig-cpu: registered to indicate activity on CPUs
[    0.867385] NET: Registered protocol family 10
[    0.867869] NET: Registered protocol family 17
[    0.867881] Key type dns_resolver registered
[    0.868320] microcode: sig=0x50654, pf=0x2, revision=0x0
[    0.868641] microcode: Microcode Update Driver: v2.01 <tigran@aivazian.fsnet.co.uk>, Peter Oruba
[    0.869094] registered taskstats version 1
[    0.869099] Loading compiled-in X.509 certificates
[    1.374450] ata1.01: ATAPI: VBOX CD-ROM, 1.0, max UDMA/133
[    1.375077] ata1.01: configured for UDMA/33
[    1.376066] scsi 0:0:1:0: CD-ROM            VBOX     CD-ROM           1.0  PQ: 0 ANSI: 5
[    1.377098] sr 0:0:1:0: [sr0] scsi3-mmc drive: 32x/32x xa/form2 tray
[    1.377101] cdrom: Uniform CD-ROM driver Revision: 3.20
[    1.377211] Loaded X.509 cert 'Build time autogenerated kernel key: 50b596b341980f3b7b3ec31aec506c1a2854de05'
[    1.377274] zswap: loaded using pool lzo/zbud
[    1.377340] sr 0:0:1:0: Attached scsi CD-ROM sr0
[    1.377422] sr 0:0:1:0: Attached scsi generic sg0 type 5
[    1.404626] Key type big_key registered
[    1.408453] Key type trusted registered
[    1.412438] Key type encrypted registered
[    1.412444] AppArmor: AppArmor sha1 policy hashing enabled
[    1.412448] ima: No TPM chip found, activating TPM-bypass!
[    1.412486] evm: HMAC attrs: 0x1
[    1.413226]   Magic number: 3:507:927
[    1.413555] rtc_cmos rtc_cmos: setting system clock to 2019-09-10 08:56:50 UTC (1568105810)
[    1.413835] BIOS EDD facility v0.16 2004-Jun-25, 0 devices found
[    1.413836] EDD information not available.
[    1.413907] PM: Hibernation image not present or could not be loaded.
[    1.415823] Freeing unused kernel memory: 1552K (ffffffff81f6a000 - ffffffff820ee000)
[    1.415825] Write protecting the kernel read-only data: 14336k
[    1.416966] Freeing unused kernel memory: 1396K (ffff8800018a3000 - ffff880001a00000)
[    1.417913] Freeing unused kernel memory: 260K (ffff880001dbf000 - ffff880001e00000)
[    1.427670] x86/mm: Checked W+X mappings: passed, no W+X pages found.
[    1.457833] random: systemd-udevd: uninitialized urandom read (16 bytes read)
[    1.457961] random: systemd-udevd: uninitialized urandom read (16 bytes read)
[    1.457978] random: systemd-udevd: uninitialized urandom read (16 bytes read)
[    1.458001] random: systemd-udevd: uninitialized urandom read (16 bytes read)
[    1.461745] random: udevadm: uninitialized urandom read (16 bytes read)
[    1.461775] random: udevadm: uninitialized urandom read (16 bytes read)
[    1.471075] random: systemd-udevd: uninitialized urandom read (16 bytes read)
[    1.471102] random: systemd-udevd: uninitialized urandom read (16 bytes read)
[    1.471111] random: systemd-udevd: uninitialized urandom read (16 bytes read)
[    1.471504] random: systemd-udevd: uninitialized urandom read (16 bytes read)
[    1.518613] e1000: Intel(R) PRO/1000 Network Driver - version 7.3.21-k8-NAPI
[    1.518615] e1000: Copyright (c) 1999-2006 Intel Corporation.
[    1.756422] tsc: Refined TSC clocksource calibration: 3599.982 MHz
[    1.756461] clocksource: tsc: mask: 0xffffffffffffffff max_cycles: 0x33e4428c44c, max_idle_ns: 440795338080 ns
[    1.879953] e1000 0000:00:03.0 eth0: (PCI:33MHz:32-bit) 08:00:27:0c:4c:42
[    1.879960] e1000 0000:00:03.0 eth0: Intel(R) PRO/1000 Network Connection
[    1.879994] ahci 0000:00:0d.0: version 3.0
[    1.880892] ahci 0000:00:0d.0: SSS flag set, parallel bus scan disabled
[    1.881073] ahci 0000:00:0d.0: AHCI 0001.0100 32 slots 1 ports 3 Gbps 0x1 impl SATA mode
[    1.881076] ahci 0000:00:0d.0: flags: 64bit ncq stag only ccc 
[    1.881494] scsi host2: ahci
[    1.881580] ata3: SATA max UDMA/133 abar m8192@0xf8806000 port 0xf8806100 irq 21
[    2.048895] AVX2 version of gcm_enc/dec engaged.
[    2.048896] AES CTR mode by8 optimization enabled
[    2.064124] e1000 0000:00:03.0 enp0s3: renamed from eth0
[    2.352800] ata3: SATA link up 3.0 Gbps (SStatus 123 SControl 300)
[    2.353139] ata3.00: ATA-6: VBOX HARDDISK, 1.0, max UDMA/133
[    2.353142] ata3.00: 2147483648 sectors, multi 128: LBA48 NCQ (depth 31/32)
[    2.353415] ata3.00: configured for UDMA/133
[    2.504376] scsi 2:0:0:0: Direct-Access     ATA      VBOX HARDDISK    1.0  PQ: 0 ANSI: 5
[    3.504545] usb 1-1: new full-speed USB device number 2 using ohci-pci
[    3.507542] input: ImExPS/2 Generic Explorer Mouse as /devices/platform/i8042/serio1/input/input4
[    3.520767] sd 2:0:0:0: [sda] 2147483648 512-byte logical blocks: (1.10 TB/1.00 TiB)
[    3.520855] sd 2:0:0:0: [sda] Write Protect is off
[    3.520858] sd 2:0:0:0: [sda] Mode Sense: 00 3a 00 00
[    3.520874] sd 2:0:0:0: Attached scsi generic sg1 type 0
[    3.520878] sd 2:0:0:0: [sda] Write cache: enabled, read cache: enabled, doesn't support DPO or FUA
[    3.523950]  sda: sda1 sda2 < sda5 >
[    3.524527] sd 2:0:0:0: [sda] Attached SCSI disk
[    3.532544] random: fast init done
[    4.131091] usb 1-1: New USB device found, idVendor=80ee, idProduct=0021
[    4.131095] usb 1-1: New USB device strings: Mfr=1, Product=3, SerialNumber=0
[    4.131097] usb 1-1: Product: USB Tablet
[    4.131100] usb 1-1: Manufacturer: VirtualBox
[    4.142545] hidraw: raw HID events driver (C) Jiri Kosina
[    4.155869] usbcore: registered new interface driver usbhid
[    4.155871] usbhid: USB HID core driver
[    4.161522] input: VirtualBox USB Tablet as /devices/pci0000:00/0000:00:06.0/usb1/1-1/1-1:1.0/0003:80EE:0021.0001/input/input5
[    4.161979] hid-generic 0003:80EE:0021.0001: input,hidraw0: USB HID v1.10 Mouse [VirtualBox USB Tablet] on usb-0000:00:06.0-1/input0
[    5.314328] floppy0: no floppy controllers found
[    6.626883] md: linear personality registered for level -1
[    7.129848] md: multipath personality registered for level -4
[    7.134237] md: raid0 personality registered for level 0
[    7.139535] md: raid1 personality registered for level 1
[    7.212711] raid6: sse2x1   gen() 11024 MB/s
[    7.280292] raid6: sse2x1   xor()  9946 MB/s
[    7.348261] raid6: sse2x2   gen() 16319 MB/s
[    7.416279] raid6: sse2x2   xor() 11290 MB/s
[    7.484223] raid6: sse2x4   gen() 18175 MB/s
[    7.552283] raid6: sse2x4   xor() 12427 MB/s
[    7.620357] raid6: avx2x1   gen() 26531 MB/s
[    7.688355] raid6: avx2x2   gen() 30583 MB/s
[    7.756277] raid6: avx2x4   gen() 33123 MB/s
[    7.756278] raid6: using algorithm avx2x4 gen() 33123 MB/s
[    7.756278] raid6: using avx2x2 recovery algorithm
[    7.758764] xor: automatically using best checksumming function: avx
[    7.760891] async_tx: api initialized (async)
[    7.773554] md: raid6 personality registered for level 6
[    7.773555] md: raid5 personality registered for level 5
[    7.773556] md: raid4 personality registered for level 4
[    7.783009] md: raid10 personality registered for level 10
[    7.824684] Btrfs loaded, crc32c=crc32c-intel
[    8.020558] EXT4-fs (sda1): mounted filesystem with ordered data mode. Opts: (null)
[    8.492604] EXT4-fs (sda1): re-mounted. Opts: errors=remount-ro
[    8.492857] Loading iSCSI transport class v2.0-870.
[    8.508468] iscsi: registered transport (tcp)
[    8.541205] iscsi: registered transport (iser)
[    9.662909] vboxguest: loading out-of-tree module taints kernel.
[    9.663087] vboxguest: module verification failed: signature and/or required key missing - tainting kernel
[   10.169224] ACPI: Video Device [GFX0] (multi-head: yes  rom: no  post: no)
[   10.169312] input: Video Bus as /devices/LNXSYSTM:00/LNXSYBUS:00/PNP0A03:00/LNXVIDEO:00/input/input6
[   10.175329] vgdrvHeartbeatInit: Setting up heartbeat to trigger every 2000 milliseconds
[   10.176108] input: Unspecified device as /devices/pci0000:00/0000:00:04.0/input/input7
[   10.179458] vboxguest: misc device minor 55, IRQ 20, I/O port d040, MMIO at 00000000f8400000 (size 0x400000)
[   10.179460] vboxguest: Successfully loaded version 6.0.10 (interface 0x00010004)
[   10.263626] ppdev: user-space parallel port driver
[   10.273429] audit: type=1400 audit(1568105819.356:2): apparmor="STATUS" operation="profile_load" profile="unconfined" name="/usr/bin/lxc-start" pid=726 comm="apparmor_parser"
[   10.276693] audit: type=1400 audit(1568105819.360:3): apparmor="STATUS" operation="profile_load" profile="unconfined" name="/usr/lib/snapd/snap-confine" pid=729 comm="apparmor_parser"
[   10.276698] audit: type=1400 audit(1568105819.360:4): apparmor="STATUS" operation="profile_load" profile="unconfined" name="/usr/lib/snapd/snap-confine//mount-namespace-capture-helper" pid=729 comm="apparmor_parser"
[   10.278629] audit: type=1400 audit(1568105819.360:5): apparmor="STATUS" operation="profile_load" profile="unconfined" name="lxc-container-default" pid=724 comm="apparmor_parser"
[   10.278633] audit: type=1400 audit(1568105819.360:6): apparmor="STATUS" operation="profile_load" profile="unconfined" name="lxc-container-default-cgns" pid=724 comm="apparmor_parser"
[   10.278637] audit: type=1400 audit(1568105819.360:7): apparmor="STATUS" operation="profile_load" profile="unconfined" name="lxc-container-default-with-mounting" pid=724 comm="apparmor_parser"
[   10.278640] audit: type=1400 audit(1568105819.360:8): apparmor="STATUS" operation="profile_load" profile="unconfined" name="lxc-container-default-with-nesting" pid=724 comm="apparmor_parser"
[   10.280118] audit: type=1400 audit(1568105819.360:9): apparmor="STATUS" operation="profile_load" profile="unconfined" name="/usr/lib/lxd/lxd-bridge-proxy" pid=728 comm="apparmor_parser"
[   10.281651] audit: type=1400 audit(1568105819.364:10): apparmor="STATUS" operation="profile_load" profile="unconfined" name="/usr/sbin/tcpdump" pid=732 comm="apparmor_parser"
[   10.283452] audit: type=1400 audit(1568105819.364:11): apparmor="STATUS" operation="profile_load" profile="unconfined" name="/sbin/dhclient" pid=725 comm="apparmor_parser"
[   10.369732] IPv6: ADDRCONF(NETDEV_UP): enp0s3: link is not ready
[   10.373508] e1000: enp0s3 NIC Link is Up 1000 Mbps Full Duplex, Flow Control: RX
[   10.374011] IPv6: ADDRCONF(NETDEV_CHANGE): enp0s3: link becomes ready
[   10.424496] Adding 998396k swap on /dev/sda5.  Priority:-1 extents:1 across:998396k FS
[   10.522774] cgroup: new mount options do not match the existing superblock, will be ignored
[   10.531952] random: crng init done
[   11.667559] [drm] Initialized drm 1.1.0 20060810
[   11.771885] 08:57:00.858367 main     VBoxService 6.0.10 r132072 (verbosity: 0) linux.amd64 (Jul 12 2019 11:05:23) release log
               08:57:00.858376 main     Log opened 2019-09-10T08:57:00.858243000Z
[   11.771960] 08:57:00.858544 main     OS Product: Linux
[   11.771992] 08:57:00.858586 main     OS Release: 4.8.0-58-generic
[   11.772025] 08:57:00.858618 main     OS Version: #63~16.04.1-Ubuntu SMP Mon Jun 26 18:08:51 UTC 2017
[   11.772069] 08:57:00.858650 main     Executable: /opt/VBoxGuestAdditions-6.0.10/sbin/VBoxService
               08:57:00.858652 main     Process ID: 1031
               08:57:00.858653 main     Package type: LINUX_64BITS_GENERIC
[   11.774117] 08:57:00.860674 main     6.0.10 r132072 started. Verbose level = 0
[   11.775617] 08:57:00.862144 main     vbglR3GuestCtrlDetectPeekGetCancelSupport: Supported (#1)
[   12.504485] vboxsf: g_fHostFeatures=0x8000000f g_fSfFeatures=0x1 g_uSfLastFunction=29
[   12.504510] vboxsf: Successfully loaded version 6.0.10
[   12.505488] 08:57:01.592335 automount vbsvcAutomounterMountIt: Successfully mounted 'docker_escape' on '/home/kame/workspace/docker_escape'
[   12.506543] 08:57:01.593398 automount vbsvcAutomounterMountIt: Successfully mounted 'ubuntu-xenial' on '/home/kame/workspace/ubuntu-xenial'
[   13.255353] floppy0: no floppy controllers found
[   14.433170] aufs 4.x-rcN-20160912
[   15.384842] bridge: automatic filtering via arp/ip/ip6tables has been deprecated. Update your scripts to load br_netfilter if you need this.
[   15.387568] Bridge firewalling registered
[   15.396970] nf_conntrack version 0.5.0 (65536 buckets, 262144 max)
[   15.520084] ip_tables: (C) 2000-2006 Netfilter Core Team
[   16.557856] Initializing XFRM netlink socket
[   16.565629] Netfilter messages via NETLINK v0.30.
[   16.568839] ctnetlink v0.93: registering with nfnetlink.
[   17.122942] IPv6: ADDRCONF(NETDEV_UP): docker0: link is not ready
[   30.281260] docker0: port 1(veth006bbea) entered blocking state
[   30.281264] docker0: port 1(veth006bbea) entered disabled state
[   30.281352] device veth006bbea entered promiscuous mode
[   30.281553] IPv6: ADDRCONF(NETDEV_UP): veth006bbea: link is not ready
[   31.195507] eth0: renamed from vethc04ba8d
[   31.214993] IPv6: ADDRCONF(NETDEV_CHANGE): veth006bbea: link becomes ready
[   31.215029] docker0: port 1(veth006bbea) entered blocking state
[   31.215031] docker0: port 1(veth006bbea) entered forwarding state
[   31.215083] IPv6: ADDRCONF(NETDEV_CHANGE): docker0: link becomes ready
[   72.487864] usb 1-1: USB disconnect, device number 2
[   72.487944] 08:58:01.604539 control  Session 0 is about to close ...
[   72.488074] 08:58:01.604931 control  Stopping all guest processes ...
[   72.488136] 08:58:01.604989 control  Closing all guest files ...
[   72.864632] e1000: enp0s3 NIC Link is Down
[   73.123386] usb 1-1: new full-speed USB device number 3 using ohci-pci
[   73.468937] usb 1-1: New USB device found, idVendor=80ee, idProduct=0021
[   73.468941] usb 1-1: New USB device strings: Mfr=1, Product=3, SerialNumber=0
[   73.468944] usb 1-1: Product: USB Tablet
[   73.468946] usb 1-1: Manufacturer: VirtualBox
[   73.473215] usb 1-1: can't set config #1, error -32
[   76.894194] e1000: enp0s3 NIC Link is Up 1000 Mbps Full Duplex, Flow Control: RX
[   81.824887] 03:19:06.343329 timesync vgsvcTimeSyncWorker: Radical host time change: 66 064 145 000 000ns (HostNow=1 568 171 946 343 000 000 ns HostLast=1 568 105 882 198 000 000 ns)
[   83.198625] usb 1-1: USB disconnect, device number 3
[   83.208885] 03:19:07.726316 control  Session 0 is about to close ...
[   83.209085] 03:19:07.727648 control  Stopping all guest processes ...
[   83.209468] 03:19:07.727745 control  Closing all guest files ...
[   83.831693] usb 1-1: new full-speed USB device number 4 using ohci-pci
[   84.210203] usb 1-1: New USB device found, idVendor=80ee, idProduct=0021
[   84.210208] usb 1-1: New USB device strings: Mfr=1, Product=3, SerialNumber=0
[   84.210212] usb 1-1: Product: USB Tablet
[   84.210215] usb 1-1: Manufacturer: VirtualBox
[   84.214385] usb 1-1: can't set config #1, error -32
[   84.955238] e1000: enp0s3 NIC Link is Down
[   84.955356] e1000 0000:00:03.0 enp0s3: Reset adapter
[   87.035308] e1000: enp0s3 NIC Link is Up 1000 Mbps Full Duplex, Flow Control: RX
[   91.725514] [D] [P-2019] pids[PIDTYPE_PID]: add - ffff8801ef4293f0, level - 1, real pid - 2019, ns - ffff8802128e8000.
[   91.727811] [D] [P-2019] pids[PIDTYPE_PGID]: add - ffff8801ef429408, level - 1, real pid - 2019, ns - ffff8802128e8000.
[   91.727813] [D] [P-2019] pids[PIDTYPE_SID]: add - ffff8801ef429420, level - 1, real pid - 1683, ns - ffff8802128e8000.
[   91.727814] [D] [P-2019] p_init->numbers[1].ns: ffff8802128e8000.
[   91.727816] [D] [P-1891] pids[PIDTYPE_PID]: add - ffff8801ef4313f0, level - 1, real pid - 1891, ns - ffff8802128e8000.
[   91.727817] [D] [P-1891] pids[PIDTYPE_PGID]: add - ffff8801ef431408, level - 1, real pid - 1891, ns - ffff8802128e8000.
[   91.727819] [D] [P-1891] pids[PIDTYPE_SID]: add - ffff8801ef431420, level - 1, real pid - 1683, ns - ffff8802128e8000.
[   91.727820] [D] [P-1891] p_init->numbers[1].ns: ffff8802128e8000.
[   91.727823] [D] [P-1887] pids[PIDTYPE_PID]: add - ffff88021297b170, level - 1, real pid - 1887, ns - ffff8802128e8000.
[   91.727825] [D] [P-1887] pids[PIDTYPE_PGID]: add - ffff88021297b188, level - 1, real pid - 1885, ns - ffff8802128e8000.
[   91.727826] [D] [P-1887] pids[PIDTYPE_SID]: add - ffff88021297b1a0, level - 1, real pid - 1683, ns - ffff8802128e8000.
[   91.727827] [D] [P-1887] p_init->numbers[1].ns: ffff8802128e8000.
[   91.727829] [D] [P-1885] pids[PIDTYPE_PID]: add - ffff8801ef434ef0, level - 1, real pid - 1885, ns - ffff8802128e8000.
[   91.727830] [D] [P-1885] pids[PIDTYPE_PGID]: add - ffff8801ef434f08, level - 1, real pid - 1885, ns - ffff8802128e8000.
[   91.727832] [D] [P-1885] pids[PIDTYPE_SID]: add - ffff8801ef434f20, level - 1, real pid - 1683, ns - ffff8802128e8000.
[   91.727833] [D] [P-1885] p_init->numbers[1].ns: ffff8802128e8000.
[   91.727834] [D] [P-1683] pids[PIDTYPE_PID]: add - ffff88021292b170, level - 1, real pid - 1683, ns - ffff8802128e8000.
[   91.727836] [D] [P-1683] pids[PIDTYPE_PGID]: add - ffff88021292b188, level - 1, real pid - 1683, ns - ffff8802128e8000.
[   91.727837] [D] [P-1683] pids[PIDTYPE_SID]: add - ffff88021292b1a0, level - 1, real pid - 1683, ns - ffff8802128e8000.
[   91.727838] [D] [P-1683] p_init->numbers[1].ns: ffff8802128e8000.
[   91.727840] [D] [P-1664] pids[PIDTYPE_PID]: add - ffff880214640530, level - 0, real pid - 1664, ns - ffffffff81e49500.
[   91.727842] [D] [P-1664] pids[PIDTYPE_PGID]: add - ffff880214640548, level - 0, real pid - 1664, ns - ffffffff81e49500.
[   91.727844] [D] [P-1664] pids[PIDTYPE_SID]: add - ffff880214640560, level - 0, real pid - 1141, ns - ffffffff81e49500.
[   91.727845] [D] [P-1664] p_init->numbers[0].ns: ffffffff81e49500.
[   91.727847] [D] [P-1282] pids[PIDTYPE_PID]: add - ffff8802150b3170, level - 0, real pid - 1282, ns - ffffffff81e49500.
[   91.727849] [D] [P-1282] pids[PIDTYPE_PGID]: add - ffff8802150b3188, level - 0, real pid - 1141, ns - ffffffff81e49500.
[   91.727850] [D] [P-1282] pids[PIDTYPE_SID]: add - ffff8802150b31a0, level - 0, real pid - 1141, ns - ffffffff81e49500.
[   91.727851] [D] [P-1282] p_init->numbers[0].ns: ffffffff81e49500.
[   91.727853] [D] TASK pids[PIDTYPE_PID]: add - ffff8801ef4293f0, level - 1, real pid - 2019, ns - ffff8802128e8000.
[   91.727854] [D] TASK pids[PIDTYPE_PGID]: add - ffff8801ef429408, level - 1, real pid - 2019, ns - ffff8802128e8000.
[   91.727856] [D] TASK pids[PIDTYPE_SID]: add - ffff8801ef429420, level - 1, real pid - 1683, ns - ffff8802128e8000.
[   91.826064] 08:50:56.832356 timesync vgsvcTimeSyncWorker: Radical host time change: 19 910 489 000 000ns (HostNow=1 568 191 856 832 000 000 ns HostLast=1 568 171 946 343 000 000 ns)
[   91.826117] 08:50:56.832464 timesync vgsvcTimeSyncWorker: Radical guest time change: 66 065 398 300 000ns (GuestNow=1 568 171 956 344 269 000 ns GuestLast=1 568 105 890 945 969 000 ns fSetTimeLastLoop=true )
[  101.826645] 08:51:06.832949 timesync vgsvcTimeSyncWorker: Radical guest time change: 19 910 488 662 000ns (GuestNow=1 568 191 866 832 931 000 ns GuestLast=1 568 171 956 344 269 000 ns fSetTimeLastLoop=true )
